<html>
<body>
<pre>
<h1>µVision Build Log</h1>
<h2>Project:</h2>
C:\Users\hebas\OneDrive\Desktop\Microwave_oven_Project\micowave_project.uvproj
Project File Date:  05/18/2022

<h2>Output:</h2>
Build target 'Target 1'
linking...
Program Size: Code=4528 RO-data=668 RW-data=56 ZI-data=608  
".\micowave_project.axf" - 0 Error(s), 0 Warning(s).
Keypad.h(44): warning:  #1-D: last line of file ends without a newline
        
main.c: 2 warnings, 0 errors
linking...
Program Size: Code=4528 RO-data=668 RW-data=56 ZI-data=608  
".\micowave_project.axf" - 0 Error(s), 2 Warning(s).
Load "C:\\Users\\hebas\\OneDrive\\Desktop\\Microwave_oven_Project\\micowave_project.axf" 
Connecting: Mode=JTAG, Speed=1000000Hz
Erase Done.
Programming Done.
Verify OK.
rror: Flash Download failed  -  Could not load file 'C:\Users\hebas\OneDrive\Desktop\Microwave_oven_Project\micowave_project.axf'

